White House briefing bar: Media groups condemn exclusion
 Media groups have reacted angrily after several including the BBC were barred from an informal briefing with White House Press Secretary Sean Spicer . The excluded New York Times said the move was [[Q-1]] . The bar came hours after President Donald Trump delivered another attack on the media saying that [[Q-2]] was the [[Q-3]] . The BBC has asked the White House to clarify its exclusion . BBC bureau chief in Washington Paul Danahar said: [[Q-4]] He added: [[Q-5]] Media captionJeff Mason president of the White House Correspondents Association tells Today that the media are key to democracy in the US 'Expanded pool' Friday's briefing had been scheduled as an on-camera event in the briefing room but was changed to an informal off-camera event known as a [[Q-6]] in Mr Spicer's office . Explaining the move to go off-camera he said: [[Q-7]] Press briefing room at the White HouseImage copyrightGETTY IMAGES Image caption Several media groups have said they will not participate in gaggles in future if the exclusions continue Mr Spicer said an [[Q-8]] pool of journalists had been invited to the gaggle . Pools are not uncommon - the journalists attending then share their reporting with the White House press corps . However the choice of those attending including groups seen as friendly to the Trump administration and the fact that other journalists who asked to attend were refused entry drew condemnation from media groups . CNN Communications tweets: Image copyright@CNNPR Image caption CNN posted a response on Twitter White House Correspondents' Association President Jeff Mason said it was [[Q-9]] . The BBC CNN the New York Times the Guardian the Los Angeles Times Buzzfeed the Daily Mail and Politico were among those excluded . Those allowed into the room included ABC Fox News Breitbart News Reuters and the Washington Times . The Associated Press USA Today and Time magazine refused to attend as a protest against the move . Both the Washington Post and McClatchy said they were unaware of the exclusions at the time and that had they known their reporters would not have attended the gaggle . Both said they would not participate in future briefings if the exclusions continued . Fox News anchor tweet Fox News anchor tweet Image caption The Fox News anchor drew praise - and criticism from Trump supporters - for his tweets on the matter An anchor for Fox News seen as supportive of the Trump presidency also revealed opposition to the move . Bret Baier tweeted: [[Q-10]] Media captionFive things we learned about President Trump from his address to conservative activists . When asked at the gaggle Mr Spicer denied CNN and the New York Times had been denied access because the White House was unhappy with their coverage . But he said: [[Q-11]] CNN anchor Jake Tapper said the exclusion was [[Q-12]] . Media captionWhere do Donald Trump supporters get their news from ? Washington Post executive editor Marty Baron said the White House move was [[Q-13]] . In an editorial the LA Times said: [[Q-14]] The New York Times editorial said: [[Q-15]] Hours before the briefing Mr Trump had delivered a strong attack on what he called [[Q-16]] in the media targeting stories with unnamed sources . He told the Conservative Political Action Conference CPAC that reporters [[Q-17]] . He said [[Q-18]] was the [[Q-19]] . Reports claiming his campaign aides had contact with Russian intelligence officials have particularly irked the president . 
