Cloudflare bug data leak exposed
 Private messages exchanged on dating sites hotel bookings and frames from adult videos were among the data inadvertently exposed by a bug discovered in the Cloudflare network . The firm protects websites by routing their traffic through its own network filtering out hack attacks . It has 4 million clients including banks governments and shopping sites . Customers wouldn't necessarily know which of the online services they use run on Cloudflare as it is not visible . The bug came to light while Cloudflare was migrating from older to newer software between 13 - 18 February . Chief operating officer John Graham-Cumming said it was likely that in the last week around 120000 web pages per day may have contained some unencrypted private data along with other junk text along the bottom . He told the BBC there was no evidence yet that the data had been used maliciously . [[Q-1]] he said . [[Q-2]] 'Ancient software' Mr Graham-Cumming has written a blog about what went wrong and how Cloudflare fixed it . [[Q-3]] he wrote . The firm whose strapline is [[Q-4]] has also been working with the major search engines to get the data scrubbed from their caches - snapshots taken of pages at various times . It was discovered by Google engineer Tavis Ormandy who compared it to the 2014 Heartbleed bug . [[Q-5]] he wrote in a log of the discovery . [[Q-6]] Dodged bullet Cybersecurity expert Prof Alan Woodward said the bug had been caused by [[Q-7]] . [[Q-8]] he said . [[Q-9]]What it shows bigly is that we may have just dodged a bullet . "
